                                                                                
 Name           │ Role          │ Handle                                        
────────────────┼───────────────┼───────────────────────────────────────────────
 Andrey         │ Engineering   │ ]8;id=3120761547;https://github.com/andreynering[1;38;5;35m@andreynering[m]8;; [38;5;30;4m]8;id=3120761547;https://github.com/andreyneringhttps://github.com/andreynering]8;;[m 
 Ayman          │ Engineering   │ ]8;id=1442538212;https://github.com/aymanbagabas[1;38;5;35m@aymanbagabas[m]8;; [38;5;30;4m]8;id=1442538212;https://github.com/aymanbagabashttps://github.com/aymanbagabas]8;;[m 
 Bash           │ Engineering   │ ]8;id=3816660571;https://github.com/bashbunni[1;38;5;35m@bashbunni[m]8;; [38;5;30;4m]8;id=3816660571;https://github.com/bashbunnihttps://github.com/bashbunni]8;;[m       
 Carlos         │ Engineering   │ ]8;id=524628778;https://github.com/caarlos0[1;38;5;35m@caarlos0[m]8;; [38;5;30;4m]8;id=524628778;https://github.com/caarlos0https://github.com/caarlos0]8;;[m         
 Christian      │ Product       │ ]8;id=2254910767;https://github.com/meowgorithm[1;38;5;35m@meowgorithm[m]8;; [38;5;30;4m]8;id=2254910767;https://github.com/meowgorithmhttps://github.com/meowgorithm]8;;[m   
 Rapha          │ Intern        │ ]8;id=3798566599;https://github.com/raphamorim[1;38;5;35m@raphamorim[m]8;; [38;5;30;4m]8;id=3798566599;https://github.com/raphamorimhttps://github.com/raphamorim]8;;[m     
